disk0;0;0;0;0;0;0;0;0.000000;0.000000;0;0;0.000000;0.000000;0;0;0.000000%;0.000000;0.000000;314572800;954646;337426;0;0;0.000000;0.000000;2;234984;3.679619;189.562021;550216;1051656;100.502833%;936958.762195;104471.303370;15.642587%;75.699192%;359977;0;40;100.0%;0.0%;0.0%;0.0%;0.0%;0.0%;0.0%;0.00%;72.30%;27.52%;0.09%;0.04%;0.02%;0.03%;0.01%;0.01%;0.01%;0.01%;0.01%;0.01%;0.01%;0.01%;0.01%;0.01%;0.00%;0.00%;0.00%;0.00%;0.00%

disk1;1;0;0;0;0;0;0;0.000000;0.000000;0;0;0.000000;0.000000;0;0;0.000000%;0.000000;0.000000;314572800;936141;344096;0;0;0.000000;0.000000;2;220867;3.768116;150.649538;317459;1016184;100.152730%;915596.255132;113809.134233;15.195222%;74.126913%;366319;1;42;100.0%;0.0%;0.0%;0.0%;0.0%;0.0%;0.0%;0.00%;72.94%;26.87%;0.09%;0.04%;0.02%;0.03%;0.01%;0.01%;0.01%;0.01%;0.01%;0.01%;0.01%;0.01%;0.01%;0.01%;0.00%;0.00%;0.00%;0.00%;0.00%

disk2;2;0;0;0;0;0;0;0.000000;0.000000;0;0;0.000000;0.000000;0;0;0.000000%;0.000000;0.000000;314572800;924136;348566;0;0;0.000000;0.000000;2;194003;3.810655;152.113092;248512;1021968;100.253671%;904766.326087;118949.246937;15.066917%;73.534348%;376834;1;46;100.0%;0.0%;0.0%;0.0%;0.0%;0.0%;0.0%;0.00%;71.98%;27.84%;0.10%;0.04%;0.02%;0.03%;0.01%;0.01%;0.01%;0.01%;0.01%;0.01%;0.01%;0.01%;0.01%;0.01%;0.00%;0.00%;0.00%;0.00%;0.00%

disk3;3;0;0;0;0;0;0;0.000000;0.000000;0;0;0.000000;0.000000;0;0;0.000000%;0.000000;0.000000;314572800;927435;347326;0;0;0.000000;0.000000;2;187258;3.811518;148.774452;337640;1009672;100.106208%;906659.926194;113793.344157;15.068020%;73.986324%;404436;1;42;100.0%;0.0%;0.0%;0.0%;0.0%;0.0%;0.0%;0.00%;70.75%;29.03%;0.12%;0.04%;0.02%;0.03%;0.01%;0.01%;0.01%;0.01%;0.01%;0.01%;0.01%;0.01%;0.01%;0.01%;0.00%;0.00%;0.00%;0.00%;0.00%

