
fio: terminating on signal 2
disk0;0;0;0;0;0;0;0;0.000000;0.000000;0;0;0.000000;0.000000;0;0;0.000000%;0.000000;0.000000;7687095736;504105;15614946;0;0;0.000000;0.000000;2;321833;7.603940;388.733988;94664;1303856;100.169758%;493125.700476;136240.171134;9.283017%;36.103541%;2114942;0;759;100.0%;0.0%;0.0%;0.0%;0.0%;0.0%;0.0%;0.00%;77.62%;22.23%;0.07%;0.02%;0.01%;0.01%;0.01%;0.01%;0.01%;0.01%;0.01%;0.02%;0.01%;0.01%;0.01%;0.01%;0.01%;0.00%;0.00%;0.00%;0.00%

disk1;1;0;0;0;0;0;0;0.000000;0.000000;0;0;0.000000;0.000000;0;0;0.000000%;0.000000;0.000000;7687095668;504407;15605604;0;0;0.000000;0.000000;2;422835;7.590629;398.566382;46282;786304;100.221324%;493675.210347;137252.538917;9.392594%;36.881619%;2115813;0;762;100.0%;0.0%;0.0%;0.0%;0.0%;0.0%;0.0%;0.00%;75.53%;24.32%;0.07%;0.02%;0.02%;0.01%;0.01%;0.01%;0.01%;0.01%;0.01%;0.01%;0.01%;0.01%;0.01%;0.01%;0.01%;0.00%;0.00%;0.00%;0.00%

disk2;2;0;0;0;0;0;0;0.000000;0.000000;0;0;0.000000;0.000000;0;0;0.000000%;0.000000;0.000000;7687095704;488055;16128467;0;0;0.000000;0.000000;2;822049;7.862574;422.135591;28054;808000;100.321677%;478149.163970;142917.973857;9.052560%;36.093222%;2165655;0;779;100.0%;0.0%;0.0%;0.0%;0.0%;0.0%;0.0%;0.00%;74.23%;25.63%;0.07%;0.03%;0.02%;0.01%;0.01%;0.01%;0.01%;0.01%;0.01%;0.01%;0.01%;0.01%;0.01%;0.01%;0.01%;0.01%;0.01%;0.00%;0.00%

disk3;3;0;0;0;0;0;0;0.000000;0.000000;0;0;0.000000;0.000000;0;0;0.000000%;0.000000;0.000000;1375569580;541049;2603428;0;0;0.000000;0.000000;2;126738;7.051834;359.747006;201648;783744;99.983790%;528282.353425;148685.019867;9.906020%;38.388094%;383102;0;177;100.0%;0.0%;0.0%;0.0%;0.0%;0.0%;0.0%;0.00%;78.60%;21.27%;0.06%;0.02%;0.01%;0.01%;0.01%;0.01%;0.01%;0.01%;0.01%;0.01%;0.01%;0.01%;0.01%;0.01%;0.00%;0.00%;0.00%;0.00%;0.00%

